adminUser:
  password: vault:gitOps/{{ .org }}/environment-{{ .org }}-{{ .repo }}-dev/adminUser-password:password
  username: admin
docker:
  password: vault:gitOps/{{ .org }}/environment-{{ .org }}-{{ .repo }}-dev/docker-password:password
  url: https://index.docker.io/v1/
  username: james
enableDocker: true
enableGpg: false
gitProvider: github
pipelineUser:
  github:
    host: github.com
    password: vault:gitOps/{{ .org }}/environment-{{ .org }}-{{ .repo }}-dev/pipelineUser-github-password:token
    username: james
prow:
  hmacToken: vault:gitOps/{{ .org }}/environment-{{ .org }}-{{ .repo }}-dev/prow-hmacToken:token
